// Jest Snapshot v1, https://goo.gl/fbAQLP

exports[`<Layout /> tests Layout shoud match snapshot 1`] = `
<div
  className="Layout-root-1"
>
  <div
    className="MuiGrid-container-4 MuiGrid-spacing-xs-24-28"
  >
    <div
      className="MuiGrid-item-5 MuiGrid-grid-xs-12-44"
    >
      <h4
        className="MuiTypography-root-101 MuiTypography-h4-116"
        style={
          Object {
            "textAlign": "center",
          }
        }
      >
        EB - Guess the number game
      </h4>
    </div>
    <div
      className="MuiGrid-item-5 MuiGrid-grid-xs-12-44"
    >
      <div
        className="Layout-tabs-2"
      >
        <header
          className="MuiPaper-root-145 MuiPaper-elevation4-151 MuiAppBar-root-136 MuiAppBar-positionStatic-140 MuiAppBar-colorPrimary-143"
          style={
            Object {
              "marginBottom": "2rem",
            }
          }
        >
          <div
            className="MuiTabs-root-172"
          >
            <div
              className="MuiTabs-flexContainer-173"
            >
              <div
                className="MuiTabs-scroller-175 MuiTabs-fixed-176"
                onScroll={[Function]}
                role="tablist"
                style={
                  Object {
                    "marginBottom": 0,
                  }
                }
              >
                <div
                  className="MuiTabs-flexContainer-173 MuiTabs-centered-174"
                >
                  <button
                    aria-selected={true}
                    className="MuiButtonBase-root-193 MuiTab-root-181 MuiTab-textColorInherit-183 MuiTab-selected-186 Layout-tab-3"
                    disabled={false}
                    onBlur={[Function]}
                    onClick={[Function]}
                    onFocus={[Function]}
                    onKeyDown={[Function]}
                    onKeyUp={[Function]}
                    onMouseDown={[Function]}
                    onMouseLeave={[Function]}
                    onMouseUp={[Function]}
                    onTouchEnd={[Function]}
                    onTouchMove={[Function]}
                    onTouchStart={[Function]}
                    role="tab"
                    tabIndex="0"
                    type="button"
                  >
                    <span
                      className="MuiTab-wrapper-189"
                    >
                      <span
                        className="MuiTab-labelContainer-190"
                      >
                        <span
                          className="MuiTab-label-191"
                        >
                          Human Player
                        </span>
                      </span>
                    </span>
                    <span
                      className="MuiTouchRipple-root-282"
                    />
                  </button>
                  <button
                    aria-selected={false}
                    className="MuiButtonBase-root-193 MuiTab-root-181 MuiTab-textColorInherit-183 Layout-tab-3"
                    disabled={false}
                    onBlur={[Function]}
                    onClick={[Function]}
                    onFocus={[Function]}
                    onKeyDown={[Function]}
                    onKeyUp={[Function]}
                    onMouseDown={[Function]}
                    onMouseLeave={[Function]}
                    onMouseUp={[Function]}
                    onTouchEnd={[Function]}
                    onTouchMove={[Function]}
                    onTouchStart={[Function]}
                    role="tab"
                    tabIndex="0"
                    type="button"
                  >
                    <span
                      className="MuiTab-wrapper-189"
                    >
                      <span
                        className="MuiTab-labelContainer-190"
                      >
                        <span
                          className="MuiTab-label-191"
                        >
                          Computer Player
                        </span>
                      </span>
                    </span>
                    <span
                      className="MuiTouchRipple-root-282"
                    />
                  </button>
                </div>
                <span
                  className="MuiPrivateTabIndicator-root-196 MuiPrivateTabIndicator-colorSecondary-198 MuiTabs-indicator-180"
                  style={
                    Object {
                      "left": 0,
                      "width": 0,
                    }
                  }
                />
              </div>
            </div>
          </div>
        </header>
        <div
          className="MuiGrid-container-4 MuiGrid-align-items-xs-center-12 MuiGrid-justify-xs-center-21"
        >
          <div
            className="MuiGrid-container-4 MuiGrid-justify-xs-center-21"
          >
            <div
              className="MuiGrid-item-5 MuiGrid-grid-xs-3-35"
            >
              <div
                className="MuiPaper-root-145 MuiPaper-elevation2-149 MuiPaper-rounded-146 HumanPlayer-paper-200"
              >
                Choose a number between 1 and 100 
                <br />
                 and press Enter or click on the button below
              </div>
            </div>
            <div
              className="MuiGrid-container-4 MuiGrid-justify-xs-center-21"
            >
              <div
                className="MuiFormControl-root-202 MuiFormControl-marginNormal-203 HumanPlayer-textField-201"
                onKeyPress={[Function]}
              >
                <label
                  className="MuiFormLabel-root-217 MuiFormLabel-filled-221 MuiInputLabel-root-206 MuiInputLabel-formControl-211 MuiInputLabel-animated-214 MuiInputLabel-shrink-213 MuiInputLabel-outlined-216"
                  data-shrink={true}
                  htmlFor="outlined"
                >
                  Number
                </label>
                <div
                  className="MuiInputBase-root-237 MuiOutlinedInput-root-224 MuiInputBase-formControl-238"
                  onClick={[Function]}
                >
                  <fieldset
                    aria-hidden={true}
                    className="MuiPrivateNotchedOutline-root-254 MuiOutlinedInput-notchedOutline-231"
                    style={
                      Object {
                        "paddingLeft": 8,
                      }
                    }
                  >
                    <legend
                      className="MuiPrivateNotchedOutline-legend-255"
                      style={
                        Object {
                          "width": 0,
                        }
                      }
                    >
                      <span
                        dangerouslySetInnerHTML={
                          Object {
                            "__html": "&#8203;",
                          }
                        }
                      />
                    </legend>
                  </fieldset>
                  <input
                    aria-invalid={false}
                    className="MuiInputBase-input-247 MuiOutlinedInput-input-232 MuiInputBase-inputType-250"
                    disabled={false}
                    id="outlined"
                    max="100"
                    min="0"
                    onBlur={[Function]}
                    onChange={[Function]}
                    onFocus={[Function]}
                    required={false}
                    step="1"
                    type="number"
                    value={0}
                  />
                </div>
              </div>
            </div>
            <div
              className="MuiGrid-container-4 MuiGrid-justify-xs-center-21"
            >
              <button
                className="MuiButtonBase-root-193 MuiButton-root-256 MuiButton-contained-267 MuiButton-containedPrimary-268 MuiButton-raised-270 MuiButton-raisedPrimary-271 HumanPlayer-button-199"
                disabled={false}
                onBlur={[Function]}
                onClick={[Function]}
                onFocus={[Function]}
                onKeyDown={[Function]}
                onKeyUp={[Function]}
                onMouseDown={[Function]}
                onMouseLeave={[Function]}
                onMouseUp={[Function]}
                onTouchEnd={[Function]}
                onTouchMove={[Function]}
                onTouchStart={[Function]}
                tabIndex="0"
                type="button"
              >
                <span
                  className="MuiButton-label-257"
                >
                  Check Answer
                </span>
                <span
                  className="MuiTouchRipple-root-282"
                />
              </button>
            </div>
            <h6
              className="MuiTypography-root-101 MuiTypography-h6-118 HumanPlayer-paper-200"
              style={
                Object {
                  "textAlign": "center",
                }
              }
            >
              
            </h6>
          </div>
        </div>
      </div>
    </div>
  </div>
</div>
`;
